// Jest Snapshot v1, https://goo.gl/fbAQLP

exports[`Card should match the snapshot 1`] = `
ShallowWrapper {
  Symbol(enzyme.__root__): [Circular],
  Symbol(enzyme.__unrendered__): <Card
    active={false}
    location="COLORADO"
    stats={
      Object {
        "2004": "1",
        "2005": "1",
        "2006": "1",
        "2007": "1",
      }
    }
    toggleActive={[MockFunction]}
  />,
  Symbol(enzyme.__renderer__): Object {
    "batchedUpdates": [Function],
    "getNode": [Function],
    "render": [Function],
    "simulateError": [Function],
    "simulateEvent": [Function],
    "unmount": [Function],
  },
  Symbol(enzyme.__node__): Object {
    "instance": null,
    "key": undefined,
    "nodeType": "host",
    "props": Object {
      "children": Array [
        <h4>
          COLORADO
        </h4>,
        <ul
          className="list"
        >
          <li
            className="high"
          >
            2004
            : 
            1
          </li>
          <li
            className="high"
          >
            2005
            : 
            1
          </li>
          <li
            className="high"
          >
            2006
            : 
            1
          </li>
          <li
            className="high"
          >
            2007
            : 
            1
          </li>
        </ul>,
      ],
      "className": "card",
      "onClick": [Function],
    },
    "ref": null,
    "rendered": Array [
      Object {
        "instance": null,
        "key": undefined,
        "nodeType": "host",
        "props": Object {
          "children": "COLORADO",
        },
        "ref": null,
        "rendered": "COLORADO",
        "type": "h4",
      },
      Object {
        "instance": null,
        "key": undefined,
        "nodeType": "host",
        "props": Object {
          "children": Array [
            <li
              className="high"
            >
              2004
              : 
              1
            </li>,
            <li
              className="high"
            >
              2005
              : 
              1
            </li>,
            <li
              className="high"
            >
              2006
              : 
              1
            </li>,
            <li
              className="high"
            >
              2007
              : 
              1
            </li>,
          ],
          "className": "list",
        },
        "ref": null,
        "rendered": Array [
          Object {
            "instance": null,
            "key": "2004",
            "nodeType": "host",
            "props": Object {
              "children": Array [
                "2004",
                ": ",
                "1",
              ],
              "className": "high",
            },
            "ref": null,
            "rendered": Array [
              "2004",
              ": ",
              "1",
            ],
            "type": "li",
          },
          Object {
            "instance": null,
            "key": "2005",
            "nodeType": "host",
            "props": Object {
              "children": Array [
                "2005",
                ": ",
                "1",
              ],
              "className": "high",
            },
            "ref": null,
            "rendered": Array [
              "2005",
              ": ",
              "1",
            ],
            "type": "li",
          },
          Object {
            "instance": null,
            "key": "2006",
            "nodeType": "host",
            "props": Object {
              "children": Array [
                "2006",
                ": ",
                "1",
              ],
              "className": "high",
            },
            "ref": null,
            "rendered": Array [
              "2006",
              ": ",
              "1",
            ],
            "type": "li",
          },
          Object {
            "instance": null,
            "key": "2007",
            "nodeType": "host",
            "props": Object {
              "children": Array [
                "2007",
                ": ",
                "1",
              ],
              "className": "high",
            },
            "ref": null,
            "rendered": Array [
              "2007",
              ": ",
              "1",
            ],
            "type": "li",
          },
        ],
        "type": "ul",
      },
    ],
    "type": "div",
  },
  Symbol(enzyme.__nodes__): Array [
    Object {
      "instance": null,
      "key": undefined,
      "nodeType": "host",
      "props": Object {
        "children": Array [
          <h4>
            COLORADO
          </h4>,
          <ul
            className="list"
          >
            <li
              className="high"
            >
              2004
              : 
              1
            </li>
            <li
              className="high"
            >
              2005
              : 
              1
            </li>
            <li
              className="high"
            >
              2006
              : 
              1
            </li>
            <li
              className="high"
            >
              2007
              : 
              1
            </li>
          </ul>,
        ],
        "className": "card",
        "onClick": [Function],
      },
      "ref": null,
      "rendered": Array [
        Object {
          "instance": null,
          "key": undefined,
          "nodeType": "host",
          "props": Object {
            "children": "COLORADO",
          },
          "ref": null,
          "rendered": "COLORADO",
          "type": "h4",
        },
        Object {
          "instance": null,
          "key": undefined,
          "nodeType": "host",
          "props": Object {
            "children": Array [
              <li
                className="high"
              >
                2004
                : 
                1
              </li>,
              <li
                className="high"
              >
                2005
                : 
                1
              </li>,
              <li
                className="high"
              >
                2006
                : 
                1
              </li>,
              <li
                className="high"
              >
                2007
                : 
                1
              </li>,
            ],
            "className": "list",
          },
          "ref": null,
          "rendered": Array [
            Object {
              "instance": null,
              "key": "2004",
              "nodeType": "host",
              "props": Object {
                "children": Array [
                  "2004",
                  ": ",
                  "1",
                ],
                "className": "high",
              },
              "ref": null,
              "rendered": Array [
                "2004",
                ": ",
                "1",
              ],
              "type": "li",
            },
            Object {
              "instance": null,
              "key": "2005",
              "nodeType": "host",
              "props": Object {
                "children": Array [
                  "2005",
                  ": ",
                  "1",
                ],
                "className": "high",
              },
              "ref": null,
              "rendered": Array [
                "2005",
                ": ",
                "1",
              ],
              "type": "li",
            },
            Object {
              "instance": null,
              "key": "2006",
              "nodeType": "host",
              "props": Object {
                "children": Array [
                  "2006",
                  ": ",
                  "1",
                ],
                "className": "high",
              },
              "ref": null,
              "rendered": Array [
                "2006",
                ": ",
                "1",
              ],
              "type": "li",
            },
            Object {
              "instance": null,
              "key": "2007",
              "nodeType": "host",
              "props": Object {
                "children": Array [
                  "2007",
                  ": ",
                  "1",
                ],
                "className": "high",
              },
              "ref": null,
              "rendered": Array [
                "2007",
                ": ",
                "1",
              ],
              "type": "li",
            },
          ],
          "type": "ul",
        },
      ],
      "type": "div",
    },
  ],
  Symbol(enzyme.__options__): Object {
    "adapter": ReactSixteenAdapter {
      "options": Object {
        "enableComponentDidUpdateOnSetState": true,
        "lifecycles": Object {
          "componentDidUpdate": Object {
            "onSetState": true,
          },
          "getDerivedStateFromProps": true,
          "getSnapshotBeforeUpdate": true,
          "setState": Object {
            "skipsComponentDidUpdateOnNullish": true,
          },
        },
      },
    },
  },
}
`;
